# LOG FILE EXAMPLE
2015-10-02 17:16:15.833793+00:00 heroku fwd="12.34.56.78" connection=OK
2015-10-02 17:16:24.270610+00:00 heroku fwd="11.22.33.44" connection=OK
2015-10-02 18:16:15.842297+00:00 heroku fwd="684D:1111:222:3333:4444:5555:6:77" connection=OK
2015-10-02 18:16:24.271826+00:00 heroku fwd="2607:f0d0:1002:51::4" connection=OK
2015-10-02 21:16:16.486789+00:00 heroku fwd="192.168.1.15" connection=FAILED
2015-10-02 22:16:24.047899+00:00 heroku fwd="129.42.38.10" connection=OK
2015-10-02 23:17:17.035437+00:00 heroku fwd="52.6.158.18" connection=FAILED
2015-10-03 00:16:24.047899+00:00 heroku fwd="2001:db8:85a3:8d3:1319:8a2e:370:7348" connection=OK
2015-10-03 01:17:17.035437+00:00 heroku fwd="209.132.183.105" connection=OK
2015-10-03 02:35:45.047899+00:00 heroku fwd="::1/128" connection=FAILED
2015-10-03 03:35:46.049123+00:00 heroku fwd="127.0.0.1" connection=FAILED
2015-10-04 04:00:01.049123+00:00 heroku fwd="::1/128" connection=FAILED
2015-10-04 05:02:59.049123+00:00 heroku fwd="127.0.0.1" connection=FAILED
#EOF
